2025-09-06 16:19:47,251 - WARNING - Workflow 4ddc0377-0222-447e-a6d4-5e83c8474dea has jobs in 'Held' state. Retry 1/3.
2025-09-06 16:19:47,257 - WARNING - Found 1 recent error logs for workflow 4ddc0377-0222-447e-a6d4-5e83c8474dea
2025-09-06 16:19:47,257 - WARNING - Error log: 00/00/FineTuneLLM_ID0000001.err (modified: 2025-09-06 16:19:40)
2025-09-06 16:19:57,534 - WARNING - Workflow 4ddc0377-0222-447e-a6d4-5e83c8474dea has jobs in 'Held' state. Retry 2/3.
2025-09-06 16:19:57,539 - WARNING - Found 1 recent error logs for workflow 4ddc0377-0222-447e-a6d4-5e83c8474dea
2025-09-06 16:19:57,539 - WARNING - Error log: 00/00/FineTuneLLM_ID0000001.err (modified: 2025-09-06 16:19:40)
2025-09-06 16:20:07,823 - WARNING - Workflow 4ddc0377-0222-447e-a6d4-5e83c8474dea has jobs in 'Held' state. Retry 3/3.
2025-09-06 16:20:07,829 - WARNING - Found 1 recent error logs for workflow 4ddc0377-0222-447e-a6d4-5e83c8474dea
2025-09-06 16:20:07,829 - WARNING - Error log: 00/00/FineTuneLLM_ID0000001.err (modified: 2025-09-06 16:19:40)
2025-09-06 16:20:07,829 - WARNING - Maximum retries reached for workflow 4ddc0377-0222-447e-a6d4-5e83c8474dea. Stopping workflow.
2025-09-06 16:20:16,578 - INFO - Workflow 4ddc0377-0222-447e-a6d4-5e83c8474dea completed with state Failure.
2025-09-08 12:56:25,665 - WARNING - Workflow 4ddc0377-0222-447e-a6d4-5e83c8474dea has jobs in 'Held' state. Retry 1/3.
2025-09-08 12:56:35,953 - WARNING - Workflow 4ddc0377-0222-447e-a6d4-5e83c8474dea has jobs in 'Held' state. Retry 2/3.
2025-09-08 12:56:46,236 - WARNING - Workflow 4ddc0377-0222-447e-a6d4-5e83c8474dea has jobs in 'Held' state. Retry 3/3.
2025-09-08 12:56:46,241 - WARNING - Maximum retries reached for workflow 4ddc0377-0222-447e-a6d4-5e83c8474dea. Stopping workflow.
2025-09-08 13:18:22,504 - WARNING - Workflow 4ddc0377-0222-447e-a6d4-5e83c8474dea has jobs in 'Held' state. Retry 1/3.
2025-09-08 13:18:32,805 - WARNING - Workflow 4ddc0377-0222-447e-a6d4-5e83c8474dea has jobs in 'Held' state. Retry 2/3.
2025-09-08 13:18:43,096 - WARNING - Workflow 4ddc0377-0222-447e-a6d4-5e83c8474dea has jobs in 'Held' state. Retry 3/3.
2025-09-08 13:18:43,102 - WARNING - Maximum retries reached for workflow 4ddc0377-0222-447e-a6d4-5e83c8474dea. Stopping workflow.
2025-09-09 10:00:05,305 - WARNING - Workflow 4ddc0377-0222-447e-a6d4-5e83c8474dea has jobs in 'Held' state. Retry 1/3.
2025-09-09 10:00:15,604 - WARNING - Workflow 4ddc0377-0222-447e-a6d4-5e83c8474dea has jobs in 'Held' state. Retry 2/3.
2025-09-09 10:00:25,896 - WARNING - Workflow 4ddc0377-0222-447e-a6d4-5e83c8474dea has jobs in 'Held' state. Retry 3/3.
2025-09-09 10:00:25,903 - WARNING - Maximum retries reached for workflow 4ddc0377-0222-447e-a6d4-5e83c8474dea. Stopping workflow.
2025-09-09 10:00:34,689 - INFO - Workflow 4ddc0377-0222-447e-a6d4-5e83c8474dea completed with state Failure.
2025-09-09 14:55:05,496 - WARNING - Workflow 4ddc0377-0222-447e-a6d4-5e83c8474dea has jobs in 'Held' state. Retry 1/3.
2025-09-09 14:55:05,498 - ERROR - Error monitoring workflow 4ddc0377-0222-447e-a6d4-5e83c8474dea: no running event loop
2025-09-09 15:06:07,858 - WARNING - Workflow 4ddc0377-0222-447e-a6d4-5e83c8474dea has jobs in 'Held' state. Retry 1/3.
2025-09-09 15:09:43,028 - WARNING - Workflow 4ddc0377-0222-447e-a6d4-5e83c8474dea has jobs in 'Held' state. Retry 1/3.
2025-09-14 14:17:21,999 - WARNING - Workflow 4ddc0377-0222-447e-a6d4-5e83c8474dea has jobs in 'Held' state. Retry 1/3.
2025-10-03 13:02:31,271 - WARNING - Workflow 4ddc0377-0222-447e-a6d4-5e83c8474dea has jobs in 'Held' state. Retry 1/3.
2025-10-03 13:15:28,012 - WARNING - Workflow 4ddc0377-0222-447e-a6d4-5e83c8474dea has jobs in 'Held' state. Retry 1/3.
2025-10-03 13:15:38,697 - WARNING - Workflow 4ddc0377-0222-447e-a6d4-5e83c8474dea has jobs in 'Held' state. Retry 2/3.
2025-10-03 13:15:49,704 - WARNING - Workflow 4ddc0377-0222-447e-a6d4-5e83c8474dea has jobs in 'Held' state. Retry 3/3.
2025-10-03 13:15:49,721 - WARNING - Maximum retries reached for workflow 4ddc0377-0222-447e-a6d4-5e83c8474dea. Stopping workflow.
